

================================================================
== Vivado HLS Report for 'test'
================================================================
* Date:           Mon Jul 13 07:47:49 2020

* Version:        2019.2 (Build 2704478 on Wed Nov 06 22:10:23 MST 2019)
* Project:        out.prj
* Solution:       solution1
* Product family: virtexuplus
* Target device:  xcvu9p-fsgd2104-2-i


================================================================
== Performance Estimates
================================================================
+ Timing: 
    * Summary: 
    +--------+----------+----------+------------+
    |  Clock |  Target  | Estimated| Uncertainty|
    +--------+----------+----------+------------+
    |ap_clk  | 10.00 ns | 8.445 ns |   1.25 ns  |
    +--------+----------+----------+------------+

+ Latency: 
    * Summary: 
    +---------+---------+-----------+-----------+---------+---------+---------+
    |  Latency (cycles) |   Latency (absolute)  |      Interval     | Pipeline|
    |   min   |   max   |    min    |    max    |   min   |   max   |   Type  |
    +---------+---------+-----------+-----------+---------+---------+---------+
    |  1187600|  7767442| 11.876 ms | 77.674 ms |  1187600|  7767442|   none  |
    +---------+---------+-----------+-----------+---------+---------+---------+

    + Detail: 
        * Instance: 
        N/A

        * Loop: 
        +-------------+---------+---------+------------+-----------+-----------+---------+----------+
        |             |  Latency (cycles) |  Iteration |  Initiation Interval  |   Trip  |          |
        |  Loop Name  |   min   |   max   |   Latency  |  achieved |   target  |  Count  | Pipelined|
        +-------------+---------+---------+------------+-----------+-----------+---------+----------+
        |- Loop 1     |    35101|    35101|          11|          -|          -|     3191|    no    |
        | + Loop 1.1  |        9|        9|           1|          -|          -|        9|    no    |
        |- Loop 2     |    66048|    66048|         258|          -|          -|      256|    no    |
        | + Loop 2.1  |      256|      256|           1|          -|          -|      256|    no    |
        |- Loop 3     |    66048|    66048|         258|          -|          -|      256|    no    |
        | + Loop 3.1  |      256|      256|           1|          -|          -|      256|    no    |
        |- Loop 4     |   823278|  7403120| 258 ~ 2320 |          -|          -|     3191|    no    |
        | + Loop 4.1  |        1|      725|           1|          1|          1| 1 ~ 725 |    yes   |
        | + Loop 4.2  |        1|      893|           3|          2|          1| 0 ~ 446 |    yes   |
        | + Loop 4.3  |        0|      446|           2|          1|          1| 0 ~ 446 |    yes   |
        |- Loop 5     |   197120|   197120|         770|          -|          -|      256|    no    |
        | + Loop 5.1  |      768|      768|           3|          -|          -|      256|    no    |
        +-------------+---------+---------+------------+-----------+-----------+---------+----------+



================================================================
== Utilization Estimates
================================================================
* Summary: 
+---------------------+---------+-------+---------+---------+-----+
|         Name        | BRAM_18K| DSP48E|    FF   |   LUT   | URAM|
+---------------------+---------+-------+---------+---------+-----+
|DSP                  |        -|      -|        -|        -|    -|
|Expression           |        -|     72|        0|     4844|    -|
|FIFO                 |        -|      -|        -|        -|    -|
|Instance             |        0|      -|       36|       40|    -|
|Memory               |      222|      -|        0|        0|    0|
|Multiplexer          |        -|      -|        -|    16790|    -|
|Register             |        -|      -|     1951|        -|    -|
+---------------------+---------+-------+---------+---------+-----+
|Total                |      222|     72|     1987|    21674|    0|
+---------------------+---------+-------+---------+---------+-----+
|Available SLR        |     1440|   2280|   788160|   394080|  320|
+---------------------+---------+-------+---------+---------+-----+
|Utilization SLR (%)  |       15|      3|    ~0   |        5|    0|
+---------------------+---------+-------+---------+---------+-----+
|Available            |     4320|   6840|  2364480|  1182240|  960|
+---------------------+---------+-------+---------+---------+-----+
|Utilization (%)      |        5|      1|    ~0   |        1|    0|
+---------------------+---------+-------+---------+---------+-----+

+ Detail: 
    * Instance: 
    +----------------------+--------------------+---------+-------+----+----+-----+
    |       Instance       |       Module       | BRAM_18K| DSP48E| FF | LUT| URAM|
    +----------------------+--------------------+---------+-------+----+----+-----+
    |test_control_s_axi_U  |test_control_s_axi  |        0|      0|  36|  40|    0|
    +----------------------+--------------------+---------+-------+----+----+-----+
    |Total                 |                    |        0|      0|  36|  40|    0|
    +----------------------+--------------------+---------+-------+----+----+-----+

    * DSP48E: 
    N/A

    * Memory: 
    +------------------+---------------------+---------+---+----+-----+-------+-----+------+-------------+
    |      Memory      |        Module       | BRAM_18K| FF| LUT| URAM| Words | Bits| Banks| W*Bits*Banks|
    +------------------+---------------------+---------+---+----+-----+-------+-----+------+-------------+
    |fragment_0_V_U    |test_fragment_0_V    |        2|  0|   0|    0|    500|   32|     1|        16000|
    |fragment_1_V_U    |test_fragment_0_V    |        2|  0|   0|    0|    500|   32|     1|        16000|
    |fragment_2_V_U    |test_fragment_0_V    |        2|  0|   0|    0|    500|   32|     1|        16000|
    |pixels_0_V_U      |test_fragment_0_V    |        2|  0|   0|    0|    500|   32|     1|        16000|
    |pixels_1_V_U      |test_fragment_0_V    |        2|  0|   0|    0|    500|   32|     1|        16000|
    |fragment_3_V_U    |test_fragment_3_V    |        1|  0|   0|    0|    500|    9|     1|         4500|
    |frame_buffer_V_U  |test_frame_buffer_V  |       40|  0|   0|    0|  65536|   11|     1|       720896|
    |pixels_2_V_U      |test_pixels_2_V      |        1|  0|   0|    0|    500|   10|     1|         5000|
    |triangle_3ds_V_U  |test_triangle_3ds_V  |       54|  0|   0|    0|  28719|   32|     1|       919008|
    |z_buffer_V_U      |test_z_buffer_V      |      116|  0|   0|    0|  65536|   32|     1|      2097152|
    +------------------+---------------------+---------+---+----+-----+-------+-----+------+-------------+
    |Total             |                     |      222|  0|   0|    0| 163291|  254|    10|      3826556|
    +------------------+---------------------+---------+---+----+-----+-------+-----+------+-------------+

    * FIFO: 
    N/A

    * Expression: 
    +-------------------------------+----------+-------+---+----+------------+------------+
    |         Variable Name         | Operation| DSP48E| FF| LUT| Bitwidth P0| Bitwidth P1|
    +-------------------------------+----------+-------+---+----+------------+------------+
    |mul_ln1371_1_fu_27337_p2       |     *    |      4|  0|  21|          32|          33|
    |mul_ln1371_2_fu_27479_p2       |     *    |      4|  0|  21|          32|          33|
    |mul_ln1371_3_fu_27099_p2       |     *    |      4|  0|  21|          32|          33|
    |mul_ln1371_4_fu_27185_p2       |     *    |      4|  0|  21|          32|          33|
    |mul_ln1371_5_fu_27555_p2       |     *    |      4|  0|  21|          32|          33|
    |mul_ln1371_6_fu_26947_p2       |     *    |      4|  0|  21|          32|          33|
    |mul_ln1371_7_fu_27251_p2       |     *    |      4|  0|  21|          32|          33|
    |mul_ln1371_8_fu_27403_p2       |     *    |      4|  0|  21|          32|          33|
    |mul_ln1371_fu_27033_p2         |     *    |      4|  0|  21|          32|          33|
    |mul_ln36_fu_27946_p2           |     *    |      4|  0|  21|          33|          33|
    |mul_ln68_1_fu_26789_p2         |     *    |      4|  0|  20|          32|          32|
    |mul_ln68_2_fu_28036_p2         |     *    |      4|  0|  20|          32|          32|
    |mul_ln68_3_fu_28052_p2         |     *    |      4|  0|  20|          32|          32|
    |mul_ln68_4_fu_28068_p2         |     *    |      4|  0|  20|          32|          32|
    |mul_ln68_fu_26783_p2           |     *    |      4|  0|  20|          32|          32|
    |mul_ln887_1_fu_28009_p2        |     *    |      4|  0|  20|          32|          32|
    |mul_ln887_2_fu_28019_p2        |     *    |      4|  0|  20|          32|          32|
    |mul_ln887_fu_27999_p2          |     *    |      4|  0|  20|          32|          32|
    |add_ln176_fu_28495_p2          |     +    |      0|  0|  18|          18|          18|
    |add_ln180_10_fu_27313_p2       |     +    |      0|  0|  16|          16|           3|
    |add_ln180_11_fu_27323_p2       |     +    |      0|  0|  16|          16|           4|
    |add_ln180_12_fu_26721_p2       |     +    |      0|  0|  16|          16|          16|
    |add_ln180_13_fu_26731_p2       |     +    |      0|  0|  16|          16|          16|
    |add_ln180_14_fu_26741_p2       |     +    |      0|  0|  16|          16|          16|
    |add_ln180_15_fu_26750_p2       |     +    |      0|  0|  16|          16|          16|
    |add_ln180_16_fu_26759_p2       |     +    |      0|  0|  16|          16|          16|
    |add_ln180_17_fu_26768_p2       |     +    |      0|  0|  16|          16|          16|
    |add_ln180_18_fu_26870_p2       |     +    |      0|  0|  16|          16|          16|
    |add_ln180_19_fu_26883_p2       |     +    |      0|  0|  16|          16|          16|
    |add_ln180_1_fu_26451_p2        |     +    |      0|  0|  16|          16|          16|
    |add_ln180_20_fu_26896_p2       |     +    |      0|  0|  16|          16|          16|
    |add_ln180_21_fu_26913_p2       |     +    |      0|  0|  16|          16|          16|
    |add_ln180_22_fu_27695_p2       |     +    |      0|  0|  16|          16|          16|
    |add_ln180_23_fu_27747_p2       |     +    |      0|  0|  16|          16|          16|
    |add_ln180_24_fu_27805_p2       |     +    |      0|  0|  16|          16|          16|
    |add_ln180_25_fu_27857_p2       |     +    |      0|  0|  16|          16|          16|
    |add_ln180_26_fu_26677_p2       |     +    |      0|  0|  18|          18|          18|
    |add_ln180_27_fu_28439_p2       |     +    |      0|  0|  18|          18|          18|
    |add_ln180_28_fu_28425_p2       |     +    |      0|  0|  10|          10|          10|
    |add_ln180_2_fu_26501_p2        |     +    |      0|  0|  18|          18|          18|
    |add_ln180_3_fu_26715_p2        |     +    |      0|  0|  16|          16|          16|
    |add_ln180_4_fu_26923_p2        |     +    |      0|  0|  16|          16|           1|
    |add_ln180_5_fu_26933_p2        |     +    |      0|  0|  16|          16|           2|
    |add_ln180_6_fu_27009_p2        |     +    |      0|  0|  16|          16|           2|
    |add_ln180_7_fu_27019_p2        |     +    |      0|  0|  16|          16|           3|
    |add_ln180_8_fu_27161_p2        |     +    |      0|  0|  16|          16|           3|
    |add_ln180_9_fu_27171_p2        |     +    |      0|  0|  16|          16|           3|
    |add_ln180_fu_26429_p2          |     +    |      0|  0|  16|          16|          16|
    |add_ln68_2_fu_27617_p2         |     +    |      0|  0|  32|          32|          32|
    |add_ln68_4_fu_27465_p2         |     +    |      0|  0|  32|          32|          32|
    |add_ln68_6_fu_28031_p2         |     +    |      0|  0|  32|          32|          32|
    |add_ln68_7_fu_28047_p2         |     +    |      0|  0|  32|          32|          32|
    |add_ln68_8_fu_28063_p2         |     +    |      0|  0|  32|          32|          32|
    |add_ln68_9_fu_28131_p2         |     +    |      0|  0|  32|          32|          32|
    |add_ln68_fu_27541_p2           |     +    |      0|  0|  32|          32|          32|
    |add_ln887_1_fu_28004_p2        |     +    |      0|  0|  32|          32|          32|
    |add_ln887_2_fu_28014_p2        |     +    |      0|  0|  32|          32|          32|
    |add_ln887_3_fu_28024_p2        |     +    |      0|  0|  32|          32|          32|
    |add_ln887_4_fu_27966_p2        |     +    |      0|  0|  66|          66|           1|
    |add_ln887_5_fu_28278_p2        |     +    |      0|  0|  18|          18|          18|
    |add_ln887_6_fu_28264_p2        |     +    |      0|  0|  10|          10|          10|
    |add_ln887_fu_27994_p2          |     +    |      0|  0|  32|          32|          32|
    |frame_buffer0_V_fu_28461_p2    |     +    |      0|  0|   9|           9|           1|
    |frame_buffer1_V_fu_28485_p2    |     +    |      0|  0|   9|           9|           1|
    |i_V_fu_27972_p2                |     +    |      0|  0|  32|           1|          32|
    |m_V_fu_26693_p2                |     +    |      0|  0|  12|          12|           1|
    |n_V_fu_28168_p2                |     +    |      0|  0|  31|          31|           1|
    |scalar6_V_fu_28137_p2          |     +    |      0|  0|  32|          32|           1|
    |scalar7_V_fu_28305_p2          |     +    |      0|  0|  32|          32|           1|
    |triangle_2d_6_V_1_fu_27622_p2  |     +    |      0|  0|  32|          32|          32|
    |triangle_2d_6_V_2_fu_27470_p2  |     +    |      0|  0|  32|          32|          32|
    |triangle_2d_6_V_fu_27546_p2    |     +    |      0|  0|  32|          32|          32|
    |triangle_3ds0_V_fu_26407_p2    |     +    |      0|  0|  12|          12|           1|
    |triangle_3ds1_V_fu_26441_p2    |     +    |      0|  0|   6|           4|           1|
    |x1_V_fu_26517_p2               |     +    |      0|  0|   9|           9|           1|
    |x7_V_fu_28144_p2               |     +    |      0|  0|  32|          32|           1|
    |x8_V_fu_28322_p2               |     +    |      0|  0|  31|          31|           1|
    |x_V_fu_26467_p2                |     +    |      0|  0|   9|           9|           1|
    |y1_V_fu_26667_p2               |     +    |      0|  0|   9|           9|           1|
    |y_V_fu_26491_p2                |     +    |      0|  0|   9|           9|           1|
    |compute0_V_fu_28041_p2         |     -    |      0|  0|  32|          32|          32|
    |compute1_V_fu_28057_p2         |     -    |      0|  0|  32|          32|          32|
    |compute2_V_fu_28073_p2         |     -    |      0|  0|  32|          32|          32|
    |cw_V_fu_26795_p2               |     -    |      0|  0|  32|          32|          32|
    |grp_fu_26383_p2                |     -    |      0|  0|  32|          32|          32|
    |grp_fu_26389_p2                |     -    |      0|  0|  32|          32|          32|
    |grp_fu_26395_p2                |     -    |      0|  0|  32|          32|          32|
    |ret_V_1_fu_27887_p2            |     -    |      0|  0|  33|          33|          33|
    |ret_V_fu_27875_p2              |     -    |      0|  0|  33|          33|          33|
    |sub_ln1371_10_fu_27191_p2      |     -    |      0|  0|  65|           1|          65|
    |sub_ln1371_11_fu_27233_p2      |     -    |      0|  0|  32|           1|          32|
    |sub_ln1371_12_fu_27561_p2      |     -    |      0|  0|  65|           1|          65|
    |sub_ln1371_13_fu_27603_p2      |     -    |      0|  0|  32|           1|          32|
    |sub_ln1371_14_fu_26953_p2      |     -    |      0|  0|  65|           1|          65|
    |sub_ln1371_15_fu_26995_p2      |     -    |      0|  0|  32|           1|          32|
    |sub_ln1371_16_fu_27257_p2      |     -    |      0|  0|  65|           1|          65|
    |sub_ln1371_17_fu_27299_p2      |     -    |      0|  0|  32|           1|          32|
    |sub_ln1371_18_fu_27409_p2      |     -    |      0|  0|  65|           1|          65|
    |sub_ln1371_19_fu_27451_p2      |     -    |      0|  0|  32|           1|          32|
    |sub_ln1371_20_fu_28204_p2      |     -    |      0|  0|  18|           1|          18|
    |sub_ln1371_21_fu_28365_p2      |     -    |      0|  0|  18|           1|          18|
    |sub_ln1371_2_fu_27081_p2       |     -    |      0|  0|  32|           1|          32|
    |sub_ln1371_4_fu_27343_p2       |     -    |      0|  0|  65|           1|          65|
    |sub_ln1371_5_fu_27385_p2       |     -    |      0|  0|  32|           1|          32|
    |sub_ln1371_6_fu_27485_p2       |     -    |      0|  0|  65|           1|          65|
    |sub_ln1371_7_fu_27527_p2       |     -    |      0|  0|  32|           1|          32|
    |sub_ln1371_8_fu_27105_p2       |     -    |      0|  0|  65|           1|          65|
    |sub_ln1371_9_fu_27147_p2       |     -    |      0|  0|  32|           1|          32|
    |sub_ln1371_fu_27039_p2         |     -    |      0|  0|  65|           1|          65|
    |sub_ln1372_1_fu_28347_p2       |     -    |      0|  0|  32|           1|          32|
    |sub_ln1372_fu_28186_p2         |     -    |      0|  0|  32|           1|          32|
    |sub_ln180_fu_28397_p2          |     -    |      0|  0|  10|           1|          10|
    |sub_ln68_11_fu_27913_p2        |     -    |      0|  0|  32|          32|          32|
    |sub_ln68_12_fu_27919_p2        |     -    |      0|  0|  32|          32|          32|
    |sub_ln68_14_fu_27924_p2        |     -    |      0|  0|  32|          32|          32|
    |sub_ln68_15_fu_27929_p2        |     -    |      0|  0|  32|          32|          32|
    |sub_ln68_16_fu_27933_p2        |     -    |      0|  0|  32|          32|          32|
    |sub_ln68_5_fu_27893_p2         |     -    |      0|  0|  32|          32|          32|
    |sub_ln68_6_fu_27898_p2         |     -    |      0|  0|  32|          32|          32|
    |sub_ln68_7_fu_27903_p2         |     -    |      0|  0|  32|          32|          32|
    |sub_ln68_8_fu_27908_p2         |     -    |      0|  0|  32|          32|          32|
    |sub_ln68_fu_26777_p2           |     -    |      0|  0|  32|          32|          32|
    |sub_ln887_fu_28236_p2          |     -    |      0|  0|  10|           1|          10|
    |ap_block_state2                |    and   |      0|  0|   2|           1|           1|
    |ap_block_state3                |    and   |      0|  0|   2|           1|           1|
    |icmp_ln107_fu_26655_p2         |   icmp   |      0|  0|  20|          31|           1|
    |icmp_ln36_fu_26687_p2          |   icmp   |      0|  0|  13|          12|          11|
    |icmp_ln879_1_fu_26540_p2       |   icmp   |      0|  0|  20|          32|           1|
    |icmp_ln879_2_fu_26545_p2       |   icmp   |      0|  0|  20|          32|           1|
    |icmp_ln879_3_fu_26801_p2       |   icmp   |      0|  0|  20|          32|          32|
    |icmp_ln879_fu_26535_p2         |   icmp   |      0|  0|  20|          32|           2|
    |icmp_ln887_10_fu_27671_p2      |   icmp   |      0|  0|  20|          32|          32|
    |icmp_ln887_11_fu_27705_p2      |   icmp   |      0|  0|  20|          32|          32|
    |icmp_ln887_12_fu_27710_p2      |   icmp   |      0|  0|  20|          32|          32|
    |icmp_ln887_13_fu_27723_p2      |   icmp   |      0|  0|  20|          32|          32|
    |icmp_ln887_14_fu_27763_p2      |   icmp   |      0|  0|  20|          32|          32|
    |icmp_ln887_15_fu_27768_p2      |   icmp   |      0|  0|  20|          32|          32|
    |icmp_ln887_16_fu_27781_p2      |   icmp   |      0|  0|  20|          32|          32|
    |icmp_ln887_17_fu_27815_p2      |   icmp   |      0|  0|  20|          32|          32|
    |icmp_ln887_18_fu_27820_p2      |   icmp   |      0|  0|  20|          32|          32|
    |icmp_ln887_19_fu_27833_p2      |   icmp   |      0|  0|  20|          32|          32|
    |icmp_ln887_1_fu_26461_p2       |   icmp   |      0|  0|  13|           9|          10|
    |icmp_ln887_20_fu_27956_p2      |   icmp   |      0|  0|  21|          33|          33|
    |icmp_ln887_21_fu_27961_p2      |   icmp   |      0|  0|  50|          66|          66|
    |icmp_ln887_22_fu_28154_p2      |   icmp   |      0|  0|  20|          32|          32|
    |icmp_ln887_23_fu_28079_p2      |   icmp   |      0|  0|  20|          32|          32|
    |icmp_ln887_24_fu_28289_p2      |   icmp   |      0|  0|  20|          32|          32|
    |icmp_ln887_25_fu_28316_p2      |   icmp   |      0|  0|  20|          32|          32|
    |icmp_ln887_26_fu_28093_p2      |   icmp   |      0|  0|  20|          32|          32|
    |icmp_ln887_2_fu_26435_p2       |   icmp   |      0|  0|   9|           4|           4|
    |icmp_ln887_3_fu_26511_p2       |   icmp   |      0|  0|  13|           9|          10|
    |icmp_ln887_4_fu_26485_p2       |   icmp   |      0|  0|  13|           9|          10|
    |icmp_ln887_5_fu_26661_p2       |   icmp   |      0|  0|  13|           9|          10|
    |icmp_ln887_6_fu_28455_p2       |   icmp   |      0|  0|  13|           9|          10|
    |icmp_ln887_7_fu_28479_p2       |   icmp   |      0|  0|  13|           9|          10|
    |icmp_ln887_8_fu_27653_p2       |   icmp   |      0|  0|  20|          32|          32|
    |icmp_ln887_9_fu_27658_p2       |   icmp   |      0|  0|  20|          32|          32|
    |icmp_ln887_fu_26401_p2         |   icmp   |      0|  0|  13|          12|          11|
    |select_ln100_1_fu_26638_p3     |  select  |      0|  0|   4|           1|           4|
    |select_ln100_fu_26630_p3       |  select  |      0|  0|   5|           1|           5|
    |select_ln107_fu_27627_p3       |  select  |      0|  0|  32|           1|          32|
    |select_ln1371_10_fu_27225_p3   |  select  |      0|  0|  32|           1|          32|
    |select_ln1371_11_fu_27239_p3   |  select  |      0|  0|  32|           1|          32|
    |select_ln1371_12_fu_27595_p3   |  select  |      0|  0|  32|           1|          32|
    |select_ln1371_13_fu_27609_p3   |  select  |      0|  0|  32|           1|          32|
    |select_ln1371_14_fu_26987_p3   |  select  |      0|  0|  32|           1|          32|
    |select_ln1371_15_fu_27001_p3   |  select  |      0|  0|  32|           1|          32|
    |select_ln1371_16_fu_27291_p3   |  select  |      0|  0|  32|           1|          32|
    |select_ln1371_17_fu_27305_p3   |  select  |      0|  0|  32|           1|          32|
    |select_ln1371_18_fu_27443_p3   |  select  |      0|  0|  32|           1|          32|
    |select_ln1371_19_fu_27457_p3   |  select  |      0|  0|  32|           1|          32|
    |select_ln1371_2_fu_27073_p3    |  select  |      0|  0|  32|           1|          32|
    |select_ln1371_3_fu_27087_p3    |  select  |      0|  0|  32|           1|          32|
    |select_ln1371_4_fu_27377_p3    |  select  |      0|  0|  32|           1|          32|
    |select_ln1371_5_fu_27391_p3    |  select  |      0|  0|  32|           1|          32|
    |select_ln1371_6_fu_27519_p3    |  select  |      0|  0|  32|           1|          32|
    |select_ln1371_7_fu_27533_p3    |  select  |      0|  0|  32|           1|          32|
    |select_ln1371_8_fu_27139_p3    |  select  |      0|  0|  32|           1|          32|
    |select_ln1371_9_fu_27153_p3    |  select  |      0|  0|  32|           1|          32|
    |select_ln1372_1_fu_28379_p3    |  select  |      0|  0|  18|           1|          18|
    |select_ln1372_fu_28218_p3      |  select  |      0|  0|  18|           1|          18|
    |select_ln140_1_fu_26821_p3     |  select  |      0|  0|   3|           1|           3|
    |select_ln140_2_fu_26827_p3     |  select  |      0|  0|   3|           1|           3|
    |select_ln140_3_fu_26833_p3     |  select  |      0|  0|   3|           1|           3|
    |select_ln140_fu_26815_p3       |  select  |      0|  0|   3|           1|           3|
    |select_ln160_fu_27664_p3       |  select  |      0|  0|   4|           1|           4|
    |select_ln166_fu_27676_p3       |  select  |      0|  0|   4|           1|           4|
    |select_ln173_fu_27716_p3       |  select  |      0|  0|   4|           1|           4|
    |select_ln179_fu_27728_p3       |  select  |      0|  0|   4|           1|           4|
    |select_ln180_fu_28413_p3       |  select  |      0|  0|  10|           1|          10|
    |select_ln186_fu_27774_p3       |  select  |      0|  0|   4|           1|           4|
    |select_ln192_fu_27786_p3       |  select  |      0|  0|   4|           1|           4|
    |select_ln199_fu_27826_p3       |  select  |      0|  0|   4|           1|           4|
    |select_ln205_fu_27838_p3       |  select  |      0|  0|   4|           1|           4|
    |select_ln257_1_fu_28115_p3     |  select  |      0|  0|   2|           1|           1|
    |select_ln257_fu_28085_p3       |  select  |      0|  0|  32|           1|          32|
    |select_ln65_1_fu_26558_p3      |  select  |      0|  0|   2|           1|           2|
    |select_ln65_fu_26550_p3        |  select  |      0|  0|   2|           1|           2|
    |select_ln72_1_fu_26574_p3      |  select  |      0|  0|   2|           1|           2|
    |select_ln72_fu_26566_p3        |  select  |      0|  0|   2|           1|           2|
    |select_ln79_1_fu_26590_p3      |  select  |      0|  0|   3|           1|           3|
    |select_ln79_fu_26582_p3        |  select  |      0|  0|   3|           1|           3|
    |select_ln86_1_fu_26606_p3      |  select  |      0|  0|   3|           1|           3|
    |select_ln86_fu_26598_p3        |  select  |      0|  0|   4|           1|           3|
    |select_ln879_1_fu_26846_p3     |  select  |      0|  0|   3|           1|           3|
    |select_ln879_2_fu_26853_p3     |  select  |      0|  0|   3|           1|           3|
    |select_ln879_3_fu_26860_p3     |  select  |      0|  0|   3|           1|           3|
    |select_ln879_fu_26839_p3       |  select  |      0|  0|   3|           1|           3|
    |select_ln887_1_fu_27735_p3     |  select  |      0|  0|   4|           1|           4|
    |select_ln887_2_fu_27793_p3     |  select  |      0|  0|   4|           1|           4|
    |select_ln887_3_fu_27845_p3     |  select  |      0|  0|   4|           1|           4|
    |select_ln887_4_fu_27978_p3     |  select  |      0|  0|  32|           1|          32|
    |select_ln887_5_fu_27986_p3     |  select  |      0|  0|  32|           1|          32|
    |select_ln887_6_fu_28252_p3     |  select  |      0|  0|  10|           1|          10|
    |select_ln887_fu_27683_p3       |  select  |      0|  0|   4|           1|           4|
    |select_ln93_1_fu_26622_p3      |  select  |      0|  0|   4|           1|           4|
    |select_ln93_fu_26614_p3        |  select  |      0|  0|   5|           1|           5|
    |triangle_2d_6_V_3_fu_27634_p3  |  select  |      0|  0|  32|           1|          32|
    |z_V_fu_27640_p3                |  select  |      0|  0|  32|           1|          32|
    |ap_enable_pp1                  |    xor   |      0|  0|   2|           1|           2|
    |ap_enable_pp2                  |    xor   |      0|  0|   2|           1|           2|
    |ap_enable_reg_pp1_iter1        |    xor   |      0|  0|   2|           2|           1|
    |ap_enable_reg_pp2_iter1        |    xor   |      0|  0|   2|           2|           1|
    +-------------------------------+----------+-------+---+----+------------+------------+
    |Total                          |          |     72|  0|4844|        3429|        4796|
    +-------------------------------+----------+-------+---+----+------------+------------+

    * Multiplexer: 
    +--------------------------------------+------+-----------+-----+-----------+
    |                 Name                 |  LUT | Input Size| Bits| Total Bits|
    +--------------------------------------+------+-----------+-----+-----------+
    |angle_channel_V_V_blk_n               |     9|          2|    1|          2|
    |ap_NS_fsm                             |  1221|        269|    1|        269|
    |ap_enable_reg_pp1_iter1               |    15|          3|    1|          3|
    |ap_enable_reg_pp2_iter1               |    15|          3|    1|          3|
    |ap_phi_mux_p_02203_0_phi_fu_26284_p4  |     9|          2|   31|         62|
    |ap_phi_mux_p_02239_2_phi_fu_26272_p4  |    15|          3|   32|         96|
    |ap_phi_mux_p_02441_1_phi_fu_26308_p4  |    15|          3|   32|         96|
    |fragment_0_V_address0                 |  1073|        252|    9|       2268|
    |fragment_0_V_address1                 |  1073|        252|    9|       2268|
    |fragment_0_V_d0                       |    15|          3|   32|         96|
    |fragment_1_V_address0                 |  1073|        252|    9|       2268|
    |fragment_1_V_address1                 |  1073|        252|    9|       2268|
    |fragment_1_V_d0                       |    15|          3|   32|         96|
    |fragment_2_V_address0                 |  1073|        252|    9|       2268|
    |fragment_2_V_address1                 |  1073|        252|    9|       2268|
    |fragment_2_V_d0                       |    15|          3|   32|         96|
    |fragment_3_V_address0                 |  1073|        252|    9|       2268|
    |fragment_3_V_address1                 |  1073|        252|    9|       2268|
    |fragment_3_V_d0                       |    15|          3|    9|         27|
    |frame_buffer_V_address0               |    21|          4|   16|         64|
    |frame_buffer_V_d0                     |    15|          3|   11|         33|
    |gmem0_V_V_TDATA_blk_n                 |     9|          2|    1|          2|
    |gmem2_V_V_TDATA_blk_n                 |     9|          2|    1|          2|
    |indvar_flatten_reg_26223              |     9|          2|   66|        132|
    |p_0178_0_reg_26179                    |     9|          2|    9|         18|
    |p_0188_0_reg_26168                    |     9|          2|    9|         18|
    |p_01984_0_reg_26146                   |     9|          2|   12|         24|
    |p_0203_0_reg_26157                    |     9|          2|    4|          8|
    |p_02123_0_reg_26234                   |     9|          2|   32|         64|
    |p_02165_0_reg_26257                   |     9|          2|   32|         64|
    |p_02203_0_reg_26280                   |     9|          2|   31|         62|
    |p_02239_1_reg_26245                   |     9|          2|   32|         64|
    |p_02370_0_reg_26316                   |     9|          2|   31|         62|
    |p_02447_0_reg_26338                   |     9|          2|    9|         18|
    |p_02457_0_reg_26327                   |     9|          2|    9|         18|
    |p_0257_0_reg_26212                    |     9|          2|   12|         24|
    |p_0291_0_reg_26201                    |     9|          2|    9|         18|
    |p_0301_0_reg_26190                    |     9|          2|    9|         18|
    |pixels_0_V_address0                   |  1073|        252|    9|       2268|
    |pixels_0_V_address1                   |  1073|        252|    9|       2268|
    |pixels_0_V_d0                         |    15|          3|   32|         96|
    |pixels_1_V_address0                   |  1073|        252|    9|       2268|
    |pixels_1_V_address1                   |  1073|        252|    9|       2268|
    |pixels_1_V_d0                         |    15|          3|   32|         96|
    |pixels_2_V_address0                   |  1073|        252|    9|       2268|
    |pixels_2_V_address1                   |  1073|        252|    9|       2268|
    |pixels_2_V_d0                         |    15|          3|   10|         30|
    |reg_26365                             |     9|          2|   32|         64|
    |reg_26370                             |     9|          2|   32|         64|
    |size_pixels_V_reg_26292               |     9|          2|   32|         64|
    |triangle_3ds_V_address0               |    56|         13|   15|        195|
    |triangle_3ds_V_address1               |    56|         13|   15|        195|
    |z_buffer_V_address0                   |    21|          4|   16|         64|
    |z_buffer_V_d0                         |    15|          3|   32|         96|
    +--------------------------------------+------+-----------+-----+-----------+
    |Total                                 | 16790|       3914|  913|      34275|
    +--------------------------------------+------+-----------+-----+-----------+

    * Register: 
    +-----------------------------+-----+----+-----+-----------+
    |             Name            |  FF | LUT| Bits| Const Bits|
    +-----------------------------+-----+----+-----+-----------+
    |add_ln180_3_reg_46178        |   16|   0|   16|          0|
    |add_ln180_reg_28518          |   16|   0|   16|          0|
    |ap_CS_fsm                    |  268|   0|  268|          0|
    |ap_enable_reg_pp1_iter0      |    1|   0|    1|          0|
    |ap_enable_reg_pp1_iter1      |    1|   0|    1|          0|
    |ap_enable_reg_pp2_iter0      |    1|   0|    1|          0|
    |ap_enable_reg_pp2_iter1      |    1|   0|    1|          0|
    |fragment_3_V_load_reg_46554  |    9|   0|    9|          0|
    |frame_buffer0_V_reg_46594    |    9|   0|    9|          0|
    |frame_buffer1_V_reg_46607    |    9|   0|    9|          0|
    |icmp_ln107_reg_46157         |    1|   0|    1|          0|
    |icmp_ln879_2_reg_28578       |    1|   0|    1|          0|
    |icmp_ln879_reg_28573         |    1|   0|    1|          0|
    |icmp_ln887_22_reg_46509      |    1|   0|    1|          0|
    |icmp_ln887_25_reg_46567      |    1|   0|    1|          0|
    |indvar_flatten_reg_26223     |   66|   0|   66|          0|
    |m_V_reg_46173                |   12|   0|   12|          0|
    |mul_ln36_reg_46483           |   66|   0|   66|          0|
    |n_V_reg_46533                |   31|   0|   31|          0|
    |p_0178_0_reg_26179           |    9|   0|    9|          0|
    |p_0188_0_reg_26168           |    9|   0|    9|          0|
    |p_01984_0_reg_26146          |   12|   0|   12|          0|
    |p_0203_0_reg_26157           |    4|   0|    4|          0|
    |p_02123_0_reg_26234          |   32|   0|   32|          0|
    |p_02165_0_reg_26257          |   32|   0|   32|          0|
    |p_02203_0_reg_26280          |   31|   0|   31|          0|
    |p_02239_1_reg_26245          |   32|   0|   32|          0|
    |p_02370_0_reg_26316          |   31|   0|   31|          0|
    |p_02447_0_reg_26338          |    9|   0|    9|          0|
    |p_02457_0_reg_26327          |    9|   0|    9|          0|
    |p_0257_0_reg_26212           |   12|   0|   12|          0|
    |p_0291_0_reg_26201           |    9|   0|    9|          0|
    |p_0301_0_reg_26190           |    9|   0|    9|          0|
    |reg_26365                    |   32|   0|   32|          0|
    |reg_26370                    |   32|   0|   32|          0|
    |reg_26375                    |   32|   0|   32|          0|
    |reg_26379                    |   32|   0|   32|          0|
    |ret_V_1_reg_46418            |   33|   0|   33|          0|
    |scalar10_V_reg_46548         |   32|   0|   32|          0|
    |scalar2_V_3_reg_46394        |   32|   0|   32|          0|
    |scalar2_V_4_reg_46277        |   32|   0|   32|          0|
    |scalar3_V_2_reg_46403        |   32|   0|   32|          0|
    |scalar4_V_4_reg_46308        |   32|   0|   32|          0|
    |scalar8_V_reg_46538          |   32|   0|   32|          0|
    |scalar9_V_reg_46543          |   32|   0|   32|          0|
    |select_ln100_1_reg_46152     |    4|   0|   16|         12|
    |select_ln100_reg_46144       |    4|   0|    4|          0|
    |select_ln1371_11_reg_46349   |   32|   0|   32|          0|
    |select_ln1371_15_reg_46303   |   32|   0|   32|          0|
    |select_ln1371_17_reg_46354   |   32|   0|   32|          0|
    |select_ln1371_3_reg_46329    |   32|   0|   32|          0|
    |select_ln1371_5_reg_46369    |   32|   0|   32|          0|
    |select_ln1371_9_reg_46334    |   32|   0|   32|          0|
    |select_ln65_1_reg_46090      |    1|   0|   16|         15|
    |select_ln65_reg_46083        |    1|   0|    3|          2|
    |select_ln72_1_reg_46102      |    2|   0|   16|         14|
    |select_ln72_reg_46095        |    2|   0|    3|          1|
    |select_ln79_1_reg_46114      |    2|   0|   16|         14|
    |select_ln79_reg_46107        |    2|   0|    3|          1|
    |select_ln86_1_reg_46126      |    1|   0|   16|         15|
    |select_ln86_reg_46119        |    1|   0|    3|          2|
    |select_ln879_1_reg_46239     |    3|   0|    3|          0|
    |select_ln879_2_reg_46245     |    3|   0|    3|          0|
    |select_ln879_3_reg_46251     |    3|   0|    3|          0|
    |select_ln879_reg_46233       |    3|   0|    3|          0|
    |select_ln93_1_reg_46139      |    3|   0|   16|         13|
    |select_ln93_reg_46131        |    3|   0|    4|          1|
    |size_pixels_V_reg_26292      |   32|   0|   32|          0|
    |sub_ln68_10_reg_46448        |   32|   0|   32|          0|
    |sub_ln68_11_reg_46453        |   32|   0|   32|          0|
    |sub_ln68_12_reg_46458        |   32|   0|   32|          0|
    |sub_ln68_13_reg_46463        |   32|   0|   32|          0|
    |sub_ln68_14_reg_46468        |   32|   0|   32|          0|
    |sub_ln68_15_reg_46473        |   32|   0|   32|          0|
    |sub_ln68_16_reg_46478        |   32|   0|   32|          0|
    |sub_ln68_5_reg_46423         |   32|   0|   32|          0|
    |sub_ln68_6_reg_46428         |   32|   0|   32|          0|
    |sub_ln68_7_reg_46433         |   32|   0|   32|          0|
    |sub_ln68_8_reg_46438         |   32|   0|   32|          0|
    |sub_ln68_9_reg_46443         |   32|   0|   32|          0|
    |tmp_V_2_reg_28523            |   32|   0|   32|          0|
    |triangle_2d_6_V_2_reg_46374  |   32|   0|   32|          0|
    |triangle_3ds0_V_reg_28513    |   12|   0|   12|          0|
    |x1_V_reg_28563               |    9|   0|    9|          0|
    |x_V_reg_28542                |    9|   0|    9|          0|
    |z_V_reg_46379                |   32|   0|   32|          0|
    |z_buffer_V_addr_1_reg_46559  |   16|   0|   16|          0|
    |zext_ln887_1_reg_28547       |    9|   0|   18|          9|
    |zext_ln887_2_reg_28568       |    9|   0|   18|          9|
    |zext_ln887_7_reg_46599       |    9|   0|   18|          9|
    +-----------------------------+-----+----+-----+-----------+
    |Total                        | 1951|   0| 2068|        117|
    +-----------------------------+-----+----+-----+-----------+



================================================================
== Interface
================================================================
* Summary: 
+---------------------------+-----+-----+------------+-------------------+--------------+
|         RTL Ports         | Dir | Bits|  Protocol  |   Source Object   |    C Type    |
+---------------------------+-----+-----+------------+-------------------+--------------+
|s_axi_control_AWVALID      |  in |    1|    s_axi   |      control      |  return void |
|s_axi_control_AWREADY      | out |    1|    s_axi   |      control      |  return void |
|s_axi_control_AWADDR       |  in |    4|    s_axi   |      control      |  return void |
|s_axi_control_WVALID       |  in |    1|    s_axi   |      control      |  return void |
|s_axi_control_WREADY       | out |    1|    s_axi   |      control      |  return void |
|s_axi_control_WDATA        |  in |   32|    s_axi   |      control      |  return void |
|s_axi_control_WSTRB        |  in |    4|    s_axi   |      control      |  return void |
|s_axi_control_ARVALID      |  in |    1|    s_axi   |      control      |  return void |
|s_axi_control_ARREADY      | out |    1|    s_axi   |      control      |  return void |
|s_axi_control_ARADDR       |  in |    4|    s_axi   |      control      |  return void |
|s_axi_control_RVALID       | out |    1|    s_axi   |      control      |  return void |
|s_axi_control_RREADY       |  in |    1|    s_axi   |      control      |  return void |
|s_axi_control_RDATA        | out |   32|    s_axi   |      control      |  return void |
|s_axi_control_RRESP        | out |    2|    s_axi   |      control      |  return void |
|s_axi_control_BVALID       | out |    1|    s_axi   |      control      |  return void |
|s_axi_control_BREADY       |  in |    1|    s_axi   |      control      |  return void |
|s_axi_control_BRESP        | out |    2|    s_axi   |      control      |  return void |
|ap_clk                     |  in |    1| ap_ctrl_hs |        test       | return value |
|ap_rst_n                   |  in |    1| ap_ctrl_hs |        test       | return value |
|interrupt                  | out |    1| ap_ctrl_hs |        test       | return value |
|gmem0_V_V_TDATA            |  in |   32|    axis    |     gmem0_V_V     |    pointer   |
|gmem0_V_V_TVALID           |  in |    1|    axis    |     gmem0_V_V     |    pointer   |
|gmem0_V_V_TREADY           | out |    1|    axis    |     gmem0_V_V     |    pointer   |
|angle_channel_V_V_dout     |  in |   32|   ap_fifo  | angle_channel_V_V |    pointer   |
|angle_channel_V_V_empty_n  |  in |    1|   ap_fifo  | angle_channel_V_V |    pointer   |
|angle_channel_V_V_read     | out |    1|   ap_fifo  | angle_channel_V_V |    pointer   |
|gmem2_V_V_TDATA            | out |   32|    axis    |     gmem2_V_V     |    pointer   |
|gmem2_V_V_TVALID           | out |    1|    axis    |     gmem2_V_V     |    pointer   |
|gmem2_V_V_TREADY           |  in |    1|    axis    |     gmem2_V_V     |    pointer   |
+---------------------------+-----+-----+------------+-------------------+--------------+

